MO Module_VGASyncronizer NULL VGASyncronizer.v vlg55/_module___v_g_a_syncronizer.bin 1526370864
MO GridEngine NULL GridEngine.v vlg1C/_grid_engine.bin 1526370864
MO pos_to_quadrant NULL pos_to_quadrant.v vlg7F/pos__to__quadrant.bin 1526370864
MO Module_VGADriver NULL VGADriver.v vlg13/_module___v_g_a_driver.bin 1526370864
MO Module_MouseSimulator NULL MouseSimulator.v vlg16/_module___mouse_simulator.bin 1526370864
MO cell_io NULL cellMemory.v vlg0F/cell__io.bin 1526370864
MO Module_FrequencyDivider NULL FrquencyDivider.v vlg0A/_module___frequency_divider.bin 1526370864
MO Controller NULL Controller.v vlg34/_controller.bin 1526370864
